

HI-TECH Software PICC Macro Assembler V9.65PL1 build 4898 
                                                      Tue Apr 13 20:43:04 2010

HI-TECH Software Omniscient Code Generator build 4898
     1  0000                     opt subtitle "HI-TECH Software Omniscient Code 
                                 Generator build 4898"
     2                           
     3                           	processor	12F510
     4                           clrc	macro
     5                           	bcf	status,0
     6  0000                     	endm
     7                           clrz	macro
     8                           	bcf	status,2
     9  0000                     	endm
    10                           setc	macro
    11                           	bsf	status,0
    12  0000                     	endm
    13                           setz	macro
    14                           	bsf	status,2
    15  0000                     	endm
    16                           skipc	macro
    17                           	btfss	status,0
    18  0000                     	endm
    19                           skipz	macro
    20                           	btfss	status,2
    21  0000                     	endm
    22                           skipnc	macro
    23                           	btfsc	status,0
    24  0000                     	endm
    25                           skipnz	macro
    26                           	btfsc	status,2
    27  0000                     	endm
    28  0000                     indf	equ	0
    29  0000                     indf0	equ	0
    30  0000                     pc	equ	2
    31  0000                     pcl	equ	2
    32  0000                     status	equ	3
    33  0000                     fsr	equ	4
    34  0000                     fsr0	equ	4
    35  0000                     c	equ	1
    36  0000                     z	equ	0
    37                           global __tempreg
    38  0000                     __tempreg	set	16
    39                           global __Lcommon, __Hcommon
    40  0000                     __Lcommon set 0xA
    41  0000                     __Hcommon set 0xC
    42                           global __Lrbss_0, __Hrbss_0
    43  0000                     __Lrbss_0 set 0x1E
    44  0000                     __Hrbss_0 set 0x20
    45                           global __Lrdata_0, __Hrdata_0
    46  0000                     __Lrdata_0	equ	0x0
    47  0000                     __Hrdata_0	equ	0x1
    48                           global __Lramdata, __Lrdata_0, __Hramdata, __Hr
                                 data_0
    49  0000                     __Lramdata	set	__Lrdata_0
    50  0000                     __Hramdata	set	__Hrdata_0
    51                           	GLOBAL	__databank
    52  0000                     __databank	EQU	0
    53  0000                     _main_j	equ	??_main+0
    54                           	global	_main_j
    55                           ;Data sizes: Strings 0, constant 0, data 0, bss
                                  0, persistent 0 stack 4
    56                           	global	_main
    57                           	global	??_main
    58                           	global	?_main
    59                           
    60                           ; *************** function _main **************
                                 *
    61                           ; Defined at:
    62                           ;		line 15 in file "C:\DOCUMENTS\PROJECTS\Syner
                                 gy\Trunk\Code\Hardware\frequency test chip\Main
                                 .c"
    63                           ; Parameters:
    64                           ;		None
    65                           ; Auto variables:
    66                           ;		i           	       	type: int 
    67                           ;		i           	       	type: int 
    68                           ;		s           	       	type: int 
    69                           ;		i2          	       	type: int 
    70                           ;		j           	       	type: int 
    71                           ; Return value:
    72                           ;		type: void 
    73                           ;		size: 0
    74                           ; Registers used:
    75                           ;		wreg, status,2, status,0, btemp+0, btemp+1, 
                                 btemp+2, btemp+3
    76                           ; Tracked objects:
    77                           ;		On entry : BFF/0
    78                           ;		On exit  : 0/0
    79                           ;		Unchanged: 0/0
    80                           ; Data sizes:
    81                           ;		Autos:    2
    82                           ;		Params:   0
    83                           ;		Temp:     2
    84                           ;		Total:    4
    85                           ; This function calls:
    86                           ;		Nothing
    87                           ; This function is called by:
    88                           ;		Startup code after reset
    89                           ; This function uses a non-reentrant model
    90                           ; 
    91                           	psect	maintext,class=CODE,delta=2
    92                           	file	"C:\DOCUMENTS\PROJECTS\Synergy\Trunk\Code
                                 \Hardware\frequency test chip\Main.c"
    93                           	line	15
    94                           ;pic12f510.h: 14: volatile unsigned char INDF @
                                  0x000;
    95                           ;pic12f510.h: 15: volatile unsigned char TMR0 @
                                  0x001;
    96                           ;pic12f510.h: 16: volatile unsigned char PCL @ 
                                 0x002;
    97                           ;pic12f510.h: 17: volatile unsigned char STATUS
                                  @ 0x003;
    98                           ;pic12f510.h: 18: unsigned char FSR @ 0x004;
    99                           ;pic12f510.h: 19: unsigned char OSCCAL @ 0x005;
   100                           ;pic12f510.h: 20: volatile unsigned char GPIO @
                                  0x006;
   101                           ;pic12f510.h: 21: volatile unsigned char CM1CON
                                 0 @ 0x007;
   102                           ;pic12f510.h: 22: volatile unsigned char ADCON0
                                  @ 0x008;
   103                           ;pic12f510.h: 23: volatile unsigned char ADRES 
                                 @ 0x009;
   104                           	
   105  150                     _main:	
   106                           	opt stack 2
   107                           ; Regs used in _main: [wreg+status,2-btemp+3]
   108                           	line	16
   109                           ;Main.c: 16: GPWUF=0;
   110  150  4E3                	bcf	(31/8),(31)&7
   111                           	line	19
   112                           ;Main.c: 19: OPTION=(1<<2)|(1<<0);
   113  151  C05                	movlw	(05h)
   114  152  002                	option
   115                           	line	21
   116                           ;Main.c: 21: TMR0=0;
   117  153  403                	clrc
   118                           	
   119  154  C00                	movlw	0
   120  155  603                	btfsc	status,0
   121  156  C01                	movlw	1
   122  157  021                	movwf	(1)	;volatile
   123                           	line	23
   124                           ;Main.c: 23: ANS0=0;
   125  158  4C8                	bcf	(70/8),(70)&7
   126                           	line	24
   127                           ;Main.c: 24: ANS1=0;
   128  159  4E8                	bcf	(71/8),(71)&7
   129                           	line	25
   130                           ;Main.c: 25: TRIS=0b101011;
   131  15A  C2B                	movlw	(02Bh)
   132  15B  006                	tris	0x6
   133                           	line	27
   134                           ;Main.c: 27: GP2=1;
   135  15C  546                	bsf	(50/8),(50)&7
   136                           	line	29
   137                           ;Main.c: 29: C1OUTEN=1;
   138  15D  5C7                	bsf	(62/8),(62)&7
   139                           	line	30
   140                           ;Main.c: 30: C1POL=1;
   141  15E  5A7                	bsf	(61/8),(61)&7
   142                           	line	31
   143                           ;Main.c: 31: C1ON=1;
   144  15F  567                	bsf	(59/8),(59)&7
   145                           	line	32
   146                           ;Main.c: 32: C1NREF=0;
   147  160  447                	bcf	(58/8),(58)&7
   148                           	line	33
   149                           ;Main.c: 33: C1PREF=1;
   150  161  527                	bsf	(57/8),(57)&7
   151                           	line	34
   152                           ;Main.c: 34: C1WU=1;
   153  162  507                	bsf	(56/8),(56)&7
   154                           	line	36
   155                           ;Main.c: 36: while(1)
   156                           	
   157  163                     l3:	
   158                           	line	38
   159                           ;Main.c: 37: {
   160                           ;Main.c: 38: GP2=1;
   161  163  546                	bsf	(50/8),(50)&7
   162                           	line	39
   163                           # 39 "C:\DOCUMENTS\PROJECTS\Synergy\Trunk\Code\
                                 Hardware\frequency test chip\Main.c"
   164  164  000                nop ;#
   165                           	line	40
   166                           # 40 "C:\DOCUMENTS\PROJECTS\Synergy\Trunk\Code\
                                 Hardware\frequency test chip\Main.c"
   167  165  000                nop ;#
   168                           	line	42
   169                           # 42 "C:\DOCUMENTS\PROJECTS\Synergy\Trunk\Code\
                                 Hardware\frequency test chip\Main.c"
   170  166  000                nop ;#
   171                           	line	43
   172                           # 43 "C:\DOCUMENTS\PROJECTS\Synergy\Trunk\Code\
                                 Hardware\frequency test chip\Main.c"
   173  167  000                nop ;#
   174                           	line	44
   175                           # 44 "C:\DOCUMENTS\PROJECTS\Synergy\Trunk\Code\
                                 Hardware\frequency test chip\Main.c"
   176  168  000                nop ;#
   177                           	line	45
   178                           # 45 "C:\DOCUMENTS\PROJECTS\Synergy\Trunk\Code\
                                 Hardware\frequency test chip\Main.c"
   179  169  000                nop ;#
   180                           	line	46
   181                           # 46 "C:\DOCUMENTS\PROJECTS\Synergy\Trunk\Code\
                                 Hardware\frequency test chip\Main.c"
   182  16A  000                nop ;#
   183                           	line	47
   184                           # 47 "C:\DOCUMENTS\PROJECTS\Synergy\Trunk\Code\
                                 Hardware\frequency test chip\Main.c"
   185  16B  000                nop ;#
   186                           	line	48
   187                           # 48 "C:\DOCUMENTS\PROJECTS\Synergy\Trunk\Code\
                                 Hardware\frequency test chip\Main.c"
   188  16C  000                nop ;#
   189                           	psect	maintext
   190                           	line	49
   191                           ;Main.c: 39: asm("nop");
   192                           ;Main.c: 40: asm("nop");
   193                           ;Main.c: 42: asm("nop");
   194                           ;Main.c: 43: asm("nop");
   195                           ;Main.c: 44: asm("nop");
   196                           ;Main.c: 45: asm("nop");
   197                           ;Main.c: 46: asm("nop");
   198                           ;Main.c: 47: asm("nop");
   199                           ;Main.c: 48: asm("nop");
   200                           ;Main.c: 49: GP2=0;
   201  16D  446                	bcf	(50/8),(50)&7
   202                           	line	50
   203                           # 50 "C:\DOCUMENTS\PROJECTS\Synergy\Trunk\Code\
                                 Hardware\frequency test chip\Main.c"
   204  16E  000                nop ;#
   205                           	line	51
   206                           # 51 "C:\DOCUMENTS\PROJECTS\Synergy\Trunk\Code\
                                 Hardware\frequency test chip\Main.c"
   207  16F  000                nop ;#
   208                           	line	52
   209                           # 52 "C:\DOCUMENTS\PROJECTS\Synergy\Trunk\Code\
                                 Hardware\frequency test chip\Main.c"
   210  170  000                nop ;#
   211                           	line	53
   212                           # 53 "C:\DOCUMENTS\PROJECTS\Synergy\Trunk\Code\
                                 Hardware\frequency test chip\Main.c"
   213  171  000                nop ;#
   214                           	line	54
   215                           # 54 "C:\DOCUMENTS\PROJECTS\Synergy\Trunk\Code\
                                 Hardware\frequency test chip\Main.c"
   216  172  000                nop ;#
   217                           	line	55
   218                           # 55 "C:\DOCUMENTS\PROJECTS\Synergy\Trunk\Code\
                                 Hardware\frequency test chip\Main.c"
   219  173  000                nop ;#
   220                           	line	56
   221                           # 56 "C:\DOCUMENTS\PROJECTS\Synergy\Trunk\Code\
                                 Hardware\frequency test chip\Main.c"
   222  174  000                nop ;#
   223                           	psect	maintext
   224                           	line	57
   225                           ;Main.c: 50: asm("nop");
   226                           ;Main.c: 51: asm("nop");
   227                           ;Main.c: 52: asm("nop");
   228                           ;Main.c: 53: asm("nop");
   229                           ;Main.c: 54: asm("nop");
   230                           ;Main.c: 55: asm("nop");
   231                           ;Main.c: 56: asm("nop");
   232                           	
   233  175                     l2:	
   234                           	line	36
   235  175  B63                	goto	l3
   236                           	line	59
   237                           ;Main.c: 57: }
   238                           ;Main.c: 59: while(1)
   239                           	
   240  176                     l6:	
   241                           	line	61
   242                           ;Main.c: 60: {
   243                           ;Main.c: 61: for(int i=0;i<255;i++)
   244  176  C00                	movlw	low(0)
   245  177  02E                	movwf	btemp+2
   246  178  C00                	movlw	high(0)
   247  179  02F                	movwf	(btemp+2)+1
   248  17A  B7B                	goto	l8
   249                           	line	62
   250                           	
   251  17B                     l8:	
   252                           	line	63
   253                           ;Main.c: 62: {
   254                           ;Main.c: 63: for(int i2=0;i2<4;i2++)
   255  17B  C00                	movlw	low(0)
   256  17C  02C                	movwf	btemp+0
   257  17D  C00                	movlw	high(0)
   258  17E  02D                	movwf	(btemp+0)+1
   259  17F  B80                	goto	l11
   260                           	line	64
   261                           	
   262  180                     l11:	
   263                           	line	65
   264                           ;Main.c: 64: {
   265                           ;Main.c: 65: GP2=1;
   266  180  546                	bsf	(50/8),(50)&7
   267                           	line	66
   268                           # 66 "C:\DOCUMENTS\PROJECTS\Synergy\Trunk\Code\
                                 Hardware\frequency test chip\Main.c"
   269  181  000                nop ;#
   270                           	psect	maintext
   271                           	line	67
   272                           ;Main.c: 66: asm("nop");
   273                           ;Main.c: 67: GP2=0;
   274  182  446                	bcf	(50/8),(50)&7
   275                           	line	63
   276  183  C01                	movlw	low(01h)
   277  184  1EC                	addwf	btemp+0,f
   278  185  603                	skipnc
   279  186  2AD                	incf	btemp+1,f
   280  187  C00                	movlw	high(01h)
   281  188  1ED                	addwf	btemp+1,f
   282  189  20D                	movf	btemp+1,w
   283  18A  F80                	xorlw	80h
   284  18B  03C                	movwf	(??_main+2+0)
   285  18C  C80                	movlw	(high(04h))^80h
   286  18D  09C                	subwf	(??_main+2+0),w
   287  18E  743                	skipz
   288  18F  B92                	goto	u9010
   289  190                     u9015:
   290  190  C04                	movlw	low(04h)
   291+ 191  08C                	subwf	btemp+0,w
   292+ 192                     u9010:
   293+                          
   294+ 192  703                	skipc
   295+ 193  B95                	goto	u901
   296+ 194  B96                	goto	u900
   297+ 195                     u901:
   298  195  B80                	goto	l11
   299+ 196                     u900:
   300+                          	
   301+ 196                     l12:	
   302                           	line	61
   303  196  C01                	movlw	low(01h)
   304+ 197  1EE                	addwf	btemp+2,f
   305+ 198  603                	skipnc
   306+ 199  2AF                	incf	btemp+3,f
   307+ 19A  C00                	movlw	high(01h)
   308+ 19B  1EF                	addwf	btemp+3,f
   309+ 19C  20F                	movf	btemp+3,w
   310+ 19D  F80                	xorlw	80h
   311+ 19E  03C                	movwf	(??_main+2+0)
   312+ 19F  C80                	movlw	(high(0FFh))^80h
   313+ 1A0  09C                	subwf	(??_main+2+0),w
   314+ 1A1  743                	skipz
   315+ 1A2  BA5                	goto	u9110
   316+ 1A3                     u9115:
   317+ 1A3  CFF                	movlw	low(0FFh)
   318+ 1A4  08E                	subwf	btemp+2,w
   319+ 1A5                     u9110:
   320+                          
   321+ 1A5  703                	skipc
   322+ 1A6  BA8                	goto	u911
   323+ 1A7  BA9                	goto	u910
   324+ 1A8                     u911:
   325+ 1A8  B7B                	goto	l8
   326+ 1A9                     u910:
   327+                          	
   328+ 1A9                     l9:	
   329+                          	line	70
   330+                          ;Main.c: 68: }
   331+                          ;Main.c: 69: }
   332+                          ;Main.c: 70: GP4=!GP4;
   333+ 1A9  C10                	movlw	1<<((52)&7)
   334+ 1AA  1A6                	xorwf	((52)/8),f
   335+                          	line	71
   336+                          	
   337+ 1AB                     l5:	
   338+                          	line	59
   339+ 1AB  B76                	goto	l6
   340+                          	line	74
   341+                          ;Main.c: 71: }
   342+                          ;Main.c: 74: while(1)
   343+                          	
   344+ 1AC                     l15:	
   345+                          	line	76
   346+                          ;Main.c: 75: {
   347+                          ;Main.c: 76: for(int i=0;i<30;i++)
   348+ 1AC  C00                	movlw	low(0)
   349+ 1AD  02E                	movwf	btemp+2
   350+ 1AE  C00                	movlw	high(0)
   351+ 1AF  02F                	movwf	(btemp+2)+1
   352+ 1B0  BB1                	goto	l22
   353+                          	line	79
   354+                          ;Main.c: 77: {
   355+                          ;Main.c: 78: int s;
   356+                          ;Main.c: 79: do
   357+                          	
   358+ 1B1                     l22:	
   359+                          	line	81
   360+                          ;Main.c: 80: {
   361+                          ;Main.c: 81: s=0;
   362+ 1B1  C00                	movlw	low(0)
   363+ 1B2  02C                	movwf	btemp+0
   364+ 1B3  C00                	movlw	high(0)
   365+ 1B4  02D                	movwf	(btemp+0)+1
   366+                          	line	82
   367+                          ;Main.c: 82: for(int j=0;j<10;j++)
   368+ 1B5  C00                	movlw	low(0)
   369+                          	
   370+ 1B6  03A                	movwf	(_main_j)
   371+ 1B7  C00                	movlw	high(0)
   372+ 1B8  03B                	movwf	((_main_j))+1
   373+ 1B9  BBA                	goto	l23
   374+                          	line	83
   375+                          	
   376+ 1BA                     l23:	
   377+                          	line	84
   378+                          ;Main.c: 83: {
   379+                          ;Main.c: 84: s+=C1OUT?1:0;
   380+ 1BA  403                	clrc
   381+ 1BB  6E7                	btfsc	(63/8),(63)&7
   382+ 1BC  503                	setc
   383+ 1BD  C00                	movlw	0
   384  1BE  603                	skipnc
   385+ 1BF  C01                	movlw	1
   386+                          
   387+ 1C0  03C                	movwf	(??_main+2+0)
   388+ 1C1  07D                	clrf	(??_main+2+0+1)
   389+ 1C2  21C                	movf	0+(??_main+2+0),w
   390+ 1C3  1EC                	addwf	btemp+0,f
   391+ 1C4  603                	skipnc
   392  1C5  2AD                	incf	btemp+1,f
   393+ 1C6  21D                	movf	1+(??_main+2+0),w
   394+ 1C7  1ED                	addwf	btemp+1,f
   395+                          	line	82
   396+                          	
   397+ 1C8  C01                	movlw	low(01h)
   398+ 1C9  1FA                	addwf	(_main_j),f
   399+ 1CA  603                	skipnc
   400+ 1CB  2BB                	incf	(_main_j+1),f
   401+ 1CC  C00                	movlw	high(01h)
   402+ 1CD  1FB                	addwf	(_main_j+1),f
   403+                          	
   404+ 1CE  21B                	movf	(_main_j+1),w
   405+ 1CF  F80                	xorlw	80h
   406+ 1D0  03C                	movwf	(??_main+2+0)
   407+ 1D1  C80                	movlw	(high(0Ah))^80h
   408+ 1D2  09C                	subwf	(??_main+2+0),w
   409+ 1D3  743                	skipz
   410+ 1D4  BD7                	goto	u9410
   411+ 1D5                     u9415:
   412+ 1D5  C0A                	movlw	low(0Ah)
   413+ 1D6  09A                	subwf	(_main_j),w
   414+ 1D7                     u9410:
   415+                          
   416+ 1D7  703                	skipc
   417+ 1D8  BDA                	goto	u941
   418+ 1D9  BDB                	goto	u940
   419+ 1DA                     u941:
   420+ 1DA  BBA                	goto	l23
   421+ 1DB                     u940:
   422+                          	
   423+ 1DB                     l24:	
   424+                          	line	87
   425+                          ;Main.c: 85: }
   426+                          ;Main.c: 86: }
   427+                          ;Main.c: 87: while(s!=0&&s!=10);
   428+ 1DB  20D                	movf	btemp+1,w
   429+ 1DC  10C                	iorwf	btemp+0,w
   430+ 1DD  643                	skipnz
   431+ 1DE  BE0                	goto	u951
   432+ 1DF  BE1                	goto	u950
   433  1E0                     u951:
   434+ 1E0  BE8                	goto	l21
   435  1E1                     u950:
   436  1E1  C0A                	movlw	0Ah
   437  1E2  18C                	xorwf	btemp+0,w
   438  1E3  10D                	iorwf	btemp+1,w
   439  1E4  743                	skipz
   440  1E5  BE7                	goto	u961
   441  1E6  BE8                	goto	u960
   442  1E7                     u961:
   443  1E7  BB1                	goto	l22
   444  1E8                     u960:
   445                           	
   446  1E8                     l600000184:	
   447                           	
   448  1E8                     l21:	
   449                           	line	76
   450  1E8  C01                	movlw	low(01h)
   451  1E9  1EE                	addwf	btemp+2,f
   452  1EA  603                	skipnc
   453  1EB  2AF                	incf	btemp+3,f
   454  1EC  C00                	movlw	high(01h)
   455  1ED  1EF                	addwf	btemp+3,f
   456  1EE  20F                	movf	btemp+3,w
   457  1EF  F80                	xorlw	80h
   458  1F0  03C                	movwf	(??_main+2+0)
   459  1F1  C80                	movlw	(high(01Eh))^80h
   460  1F2  09C                	subwf	(??_main+2+0),w
   461  1F3  743                	skipz
   462  1F4  BF7                	goto	u9710
   463  1F5                     u9715:
   464  1F5  C1E                	movlw	low(01Eh)
   465  1F6  08E                	subwf	btemp+2,w
   466  1F7                     u9710:
   467                           
   468  1F7  703                	skipc
   469  1F8  BFA                	goto	u971
   470  1F9  BFB                	goto	u970
   471  1FA                     u971:
   472  1FA  BB1                	goto	l22
   473  1FB                     u970:
   474                           	
   475  1FB                     l18:	
   476                           	line	89
   477                           ;Main.c: 88: }
   478                           ;Main.c: 89: GP2=!GP2;
   479  1FB  C04                	movlw	1<<((50)&7)
   480  1FC  1A6                	xorwf	((50)/8),f
   481                           	line	95
   482                           	
   483  1FD                     l14:	
   484                           	line	74
   485  1FD  BAC                	goto	l15
   486                           	global	start
   487  1FE  4A3  A02           	ljmp	start
   488                           ; =============== function _main ends =========
                                 ======
   489                           
   490                           GLOBAL __end_of_main
   491  200                     	__end_of_main:
   492                           	FNSIZE	_main,4,0
   493                           	psect	maintext
   494                           	line	107
   495                           	signat	_main,88
   496                           	FNROOT	_main
   497                           	psect	strings12,class=ENTRY,delta=2
   498                           	global	_PLCRXBuffer
   499                           	global	_PLCRXBuffer
   500                           	psect	rbss_0,class=BANK0,space=1
   501                           
   502                           	DABS	1,30,2	;_PLCRXBuffer
   503  0000                     	_PLCRXBuffer	set	0x1E
   504                           
   505                           	global	_PLCRXIndex
   506                           	global	_PLCRXIndex
   507                           	psect	common,class=COMMON,space=1
   508                           
   509                           	DABS	1,10,2	;_PLCRXIndex
   510  0000                     	_PLCRXIndex	set	0xA
   511                           
   512                           	global	_ADCON0
   513                           	global	_ADCON0
   514  0000                     	_ADCON0	set	0x8
   515                           
   516                           	global	_ADRES
   517                           	global	_ADRES
   518  0000                     	_ADRES	set	0x9
   519                           
   520                           	global	_CM1CON0
   521                           	global	_CM1CON0
   522  0000                     	_CM1CON0	set	0x7
   523                           
   524                           	global	_FSR
   525                           	global	_FSR
   526  0000                     	_FSR	set	0x4
   527                           
   528                           	global	_GPIO
   529                           	global	_GPIO
   530  0000                     	_GPIO	set	0x6
   531                           
   532                           	global	_INDF
   533                           	global	_INDF
   534  0000                     	_INDF	set	0x0
   535                           
   536                           	global	_OPTION
   537  0000                     	_OPTION	set	0x0
   538                           
   539                           	global	_OSCCAL
   540                           	global	_OSCCAL
   541  0000                     	_OSCCAL	set	0x5
   542                           
   543                           	global	_PCL
   544                           	global	_PCL
   545  0000                     	_PCL	set	0x2
   546                           
   547                           	global	_STATUS
   548                           	global	_STATUS
   549  0000                     	_STATUS	set	0x3
   550                           
   551                           	global	_TMR0
   552  0000                     	_TMR0	set	0x1
   553                           
   554                           	global	_TRIS
   555  0000                     	_TRIS	set	0x6
   556                           
   557                           	global	_ADCS0
   558                           	global	_ADCS0
   559  0000                     	_ADCS0	set	0x44	;byte address: 0x8
   560                           
   561                           	global	_ADCS1
   562                           	global	_ADCS1
   563  0000                     	_ADCS1	set	0x45	;byte address: 0x8
   564                           
   565                           	global	_ADON
   566                           	global	_ADON
   567  0000                     	_ADON	set	0x40	;byte address: 0x8
   568                           
   569                           	global	_ANS0
   570  0000                     	_ANS0	set	0x46	;byte address: 0x8
   571                           
   572                           	global	_ANS1
   573  0000                     	_ANS1	set	0x47	;byte address: 0x8
   574                           
   575                           	global	_C1NREF
   576  0000                     	_C1NREF	set	0x3A	;byte address: 0x7
   577                           
   578                           	global	_C1ON
   579  0000                     	_C1ON	set	0x3B	;byte address: 0x7
   580                           
   581                           	global	_C1OUT
   582  0000                     	_C1OUT	set	0x3F	;byte address: 0x7
   583                           
   584                           	global	_C1OUTEN
   585  0000                     	_C1OUTEN	set	0x3E	;byte address: 0x7
   586                           
   587                           	global	_C1POL
   588  0000                     	_C1POL	set	0x3D	;byte address: 0x7
   589                           
   590                           	global	_C1PREF
   591  0000                     	_C1PREF	set	0x39	;byte address: 0x7
   592                           
   593                           	global	_C1T0CS
   594                           	global	_C1T0CS
   595  0000                     	_C1T0CS	set	0x3C	;byte address: 0x7
   596                           
   597                           	global	_C1WU
   598  0000                     	_C1WU	set	0x38	;byte address: 0x7
   599                           
   600                           	global	_CAL0
   601                           	global	_CAL0
   602  0000                     	_CAL0	set	0x29	;byte address: 0x5
   603                           
   604                           	global	_CAL1
   605                           	global	_CAL1
   606  0000                     	_CAL1	set	0x2A	;byte address: 0x5
   607                           
   608                           	global	_CAL2
   609                           	global	_CAL2
   610  0000                     	_CAL2	set	0x2B	;byte address: 0x5
   611                           
   612                           	global	_CAL3
   613                           	global	_CAL3
   614  0000                     	_CAL3	set	0x2C	;byte address: 0x5
   615                           
   616                           	global	_CAL4
   617                           	global	_CAL4
   618  0000                     	_CAL4	set	0x2D	;byte address: 0x5
   619                           
   620                           	global	_CAL5
   621                           	global	_CAL5
   622  0000                     	_CAL5	set	0x2E	;byte address: 0x5
   623                           
   624                           	global	_CAL6
   625                           	global	_CAL6
   626  0000                     	_CAL6	set	0x2F	;byte address: 0x5
   627                           
   628                           	global	_CARRY
   629                           	global	_CARRY
   630  0000                     	_CARRY	set	0x18	;byte address: 0x3
   631                           
   632                           	global	_CHS0
   633                           	global	_CHS0
   634  0000                     	_CHS0	set	0x42	;byte address: 0x8
   635                           
   636                           	global	_CHS1
   637                           	global	_CHS1
   638  0000                     	_CHS1	set	0x43	;byte address: 0x8
   639                           
   640                           	global	_CWUF
   641                           	global	_CWUF
   642  0000                     	_CWUF	set	0x1E	;byte address: 0x3
   643                           
   644                           	global	_DC
   645                           	global	_DC
   646  0000                     	_DC	set	0x19	;byte address: 0x3
   647                           
   648                           	global	_GODONE
   649                           	global	_GODONE
   650  0000                     	_GODONE	set	0x41	;byte address: 0x8
   651                           
   652                           	global	_GP0
   653                           	global	_GP0
   654  0000                     	_GP0	set	0x30	;byte address: 0x6
   655                           
   656                           	global	_GP1
   657                           	global	_GP1
   658  0000                     	_GP1	set	0x31	;byte address: 0x6
   659                           
   660                           	global	_GP2
   661  0000                     	_GP2	set	0x32	;byte address: 0x6
   662                           
   663                           	global	_GP3
   664                           	global	_GP3
   665  0000                     	_GP3	set	0x33	;byte address: 0x6
   666                           
   667                           	global	_GP4
   668  0000                     	_GP4	set	0x34	;byte address: 0x6
   669                           
   670                           	global	_GP5
   671                           	global	_GP5
   672  0000                     	_GP5	set	0x35	;byte address: 0x6
   673                           
   674                           	global	_GPWUF
   675  0000                     	_GPWUF	set	0x1F	;byte address: 0x3
   676                           
   677                           	global	_PA0
   678                           	global	_PA0
   679  0000                     	_PA0	set	0x1D	;byte address: 0x3
   680                           
   681                           	global	_PD
   682                           	global	_PD
   683  0000                     	_PD	set	0x1B	;byte address: 0x3
   684                           
   685                           	global	_TO
   686                           	global	_TO
   687  0000                     	_TO	set	0x1C	;byte address: 0x3
   688                           
   689                           	global	_ZERO
   690                           	global	_ZERO
   691  0000                     	_ZERO	set	0x1A	;byte address: 0x3
   692                           
   693                           	PSECT	fnauto0,class=BANK0,space=1
   694                           	FNCONF	fnauto0,??,?
   695                           
   696                           	DABS	1,12,4	;btemp
   697                           	global	btemp
   698  0000                     	btemp set 0Ch
   699                           	global	wtemp0
   700  0000                     	wtemp0 set btemp
   701                           	global	wtemp1
   702  0000                     	wtemp1 set btemp+2
   703                           	global	ttemp0
   704  0000                     	ttemp0 set btemp
   705                           	global	ltemp0
   706  0000                     	ltemp0 set btemp
   707                           apbank macro
   708                           	bcf	fsr,5
   709                           	bcf	fsr,6
   710  01A                     	endm


HI-TECH Software PICC Macro Assembler V9.65PL1 build 4898 
Symbol Table                                          Tue Apr 13 20:43:04 2010

    __Lrbss_0 001E             l2 0175             l3 0163  
           l5 01AB             l6 0176             l8 017B  
           l9 01A9     __Lrdata_0 0000     __Lramdata 0000  
          l11 0180            l12 0196            l21 01E8  
          l14 01FD            l22 01B1            _DC 0019  
          l23 01BA            l15 01AC            l24 01DB  
          l18 01FB            _PD 001B            _TO 001C  
  _PLCRXIndex 000A           _GP0 0030           _GP1 0031  
         _GP2 0032           _GP3 0033           _GP4 0034  
         _GP5 0035           _PA0 001D           _FSR 0004  
         _PCL 0002           u900 0196           u901 0195  
         u910 01A9           u911 01A8           u940 01DB  
         u941 01DA           u950 01E1           u951 01E0  
         u960 01E8           u961 01E7           u970 01FB  
         u971 01FA     l600000184 01E8   _PLCRXBuffer 001E  
        _C1ON 003B          _C1WU 0038          _CAL0 0029  
        _CAL1 002A          _CAL2 002B          _CAL3 002C  
        _CAL4 002D          _CAL5 002E          _CAL6 002F  
    __tempreg 0010          _ADON 0040          _CHS0 0042  
        _CHS1 0043          _ANS0 0046          _ANS1 0047  
        _INDF 0000          _GPIO 0006          _CWUF 001E  
        u9010 0192          u9110 01A5          u9015 0190  
        u9115 01A3          u9410 01D7          u9415 01D5  
        u9710 01F7          u9715 01F5          _TMR0 0001  
   __databank 0000          _TRIS 0006          _ZERO 001A  
        _main 0150          btemp 000C          start 0002  
     _C1OUTEN 003E       _CM1CON0 0007         _C1POL 003D  
       _C1OUT 003F         _ADCS0 0044         _ADCS1 0045  
       ?_main 001A         _ADRES 0009         _CARRY 0018  
       _GPWUF 001F         ltemp0 000C         ttemp0 000C  
       status 0003         wtemp0 000C         wtemp1 000E  
      ??_main 001A        _C1T0CS 003C        _C1NREF 003A  
      _C1PREF 0039        _ADCON0 0008  __end_of_main 0200  
      _GODONE 0041        _OSCCAL 0005        _OPTION 0000  
      _STATUS 0003        _main_j 001A      __Hcommon 000C  
   __Hrdata_0 0001     __Hramdata 0001      __Hrbss_0 0020  
    __Lcommon 000A  
